exports[`when requesting users via a search term should dispatch a USER_SEARCH_REQUEST action 1`] = `
Object {
  "searchTerm": "simon",
  "type": "USER_SEARCH_REQUEST",
}
`;
